Jul-16 14:03:28.683 [main] DEBUG nextflow.cli.Launcher - $> nextflow run fullPairedEnd.nf -c /Users/remy.nicolle/Workspace/DEV/IAC/context/nextflow/tod-site.config -c configExamples/TOD_infra.config -entry Main -preview -ansi-log false
Jul-16 14:03:28.732 [main] INFO  nextflow.cli.CmdRun - N E X T F L O W  ~  version 24.04.3
Jul-16 14:03:28.743 [main] DEBUG nextflow.plugin.PluginsFacade - Setting up plugin manager > mode=prod; embedded=false; plugins-dir=/Users/remy.nicolle/.nextflow/plugins; core-plugins: nf-amazon@2.5.2,nf-azure@1.6.0,nf-cloudcache@0.4.1,nf-codecommit@0.2.0,nf-console@1.1.3,nf-ga4gh@1.3.0,nf-google@1.13.2-patch1,nf-tower@1.9.1,nf-wave@1.4.2
Jul-16 14:03:28.749 [main] INFO  o.pf4j.DefaultPluginStatusProvider - Enabled plugins: []
Jul-16 14:03:28.749 [main] INFO  o.pf4j.DefaultPluginStatusProvider - Disabled plugins: []
Jul-16 14:03:28.751 [main] INFO  org.pf4j.DefaultPluginManager - PF4J version 3.10.0 in 'deployment' mode
Jul-16 14:03:28.757 [main] INFO  org.pf4j.AbstractPluginManager - No plugins
Jul-16 14:03:28.768 [main] DEBUG nextflow.config.ConfigBuilder - User config file: /Users/remy.nicolle/Workspace/DEV/IAC/context/nextflow/tod-site.config
Jul-16 14:03:28.768 [main] DEBUG nextflow.config.ConfigBuilder - User config file: /Users/remy.nicolle/Workspace/DEV/RNApipeline/configExamples/TOD_infra.config
Jul-16 14:03:28.769 [main] DEBUG nextflow.config.ConfigBuilder - Parsing config file: /Users/remy.nicolle/Workspace/DEV/IAC/context/nextflow/tod-site.config
Jul-16 14:03:28.769 [main] DEBUG nextflow.config.ConfigBuilder - Parsing config file: /Users/remy.nicolle/Workspace/DEV/RNApipeline/configExamples/TOD_infra.config
Jul-16 14:03:28.784 [main] DEBUG n.secret.LocalSecretsProvider - Secrets store: /Users/remy.nicolle/.nextflow/secrets/store.json
Jul-16 14:03:28.786 [main] DEBUG nextflow.secret.SecretsLoader - Discovered secrets providers: [nextflow.secret.LocalSecretsProvider@63fdffcd] - activable => nextflow.secret.LocalSecretsProvider@63fdffcd
Jul-16 14:03:28.789 [main] DEBUG nextflow.config.ConfigBuilder - Applying config profile: `standard`
Jul-16 14:03:29.119 [main] DEBUG nextflow.config.ConfigBuilder - Applying config profile: `standard`
Jul-16 14:03:29.262 [main] DEBUG nextflow.cli.CmdRun - Applied DSL=2 from script declaration
Jul-16 14:03:29.274 [main] INFO  nextflow.cli.CmdRun - * PREVIEW * null [tiny_watson] DSL2 - revision: 6fea22cb90
Jul-16 14:03:29.274 [main] DEBUG nextflow.plugin.PluginsFacade - Plugins default=[]
Jul-16 14:03:29.275 [main] DEBUG nextflow.plugin.PluginsFacade - Plugins resolved requirement=[]
Jul-16 14:03:29.311 [main] DEBUG nextflow.Session - Session UUID: 48a4cc56-1e8e-4b5f-b0a4-a6215a0755ff
Jul-16 14:03:29.311 [main] DEBUG nextflow.Session - Run name: tiny_watson
Jul-16 14:03:29.311 [main] DEBUG nextflow.Session - Executor pool size: 8
Jul-16 14:03:29.316 [main] DEBUG nextflow.file.FilePorter - File porter settings maxRetries=3; maxTransfers=50; pollTimeout=null
Jul-16 14:03:29.320 [main] DEBUG nextflow.util.ThreadPoolBuilder - Creating thread pool 'FileTransfer' minSize=10; maxSize=24; workQueue=LinkedBlockingQueue[10000]; allowCoreThreadTimeout=false
Jul-16 14:03:29.338 [main] DEBUG nextflow.cli.CmdInfo - Unable to fetch totalSwapSpaceSize - errno: 1 error: sysctlbyname failed

Jul-16 14:03:29.339 [main] DEBUG nextflow.cli.CmdInfo - Unable to fetch freeSwapSpaceSize - errno: 1 error: sysctlbyname failed

Jul-16 14:03:29.339 [main] DEBUG nextflow.cli.CmdRun - 
  Version: 24.04.3 build 5916
  Created: 09-07-2024 19:35 UTC (21:35 CEST)
  System: Mac OS X 26.5.1
  Runtime: Groovy 4.0.21 on OpenJDK 64-Bit Server VM 17.0.10+7
  Encoding: UTF-8 (UTF-8)
  Process: 66892@beaujon-station-045.beaujon.inserm.fr [10.106.21.74]
  CPUs: 8 - Mem: 24 GB (274 MB) - Swap: - (-)
Jul-16 14:03:29.351 [main] DEBUG nextflow.Session - Work-dir: /Users/remy.nicolle/Workspace/DEV/RNApipeline/work [Mac OS X]
Jul-16 14:03:29.352 [main] DEBUG nextflow.Session - Script base path does not exist or is not a directory: /Users/remy.nicolle/Workspace/DEV/RNApipeline/bin
Jul-16 14:03:29.360 [main] DEBUG nextflow.executor.ExecutorFactory - Extension executors providers=[]
Jul-16 14:03:29.367 [main] DEBUG nextflow.Session - Observer factory: DefaultObserverFactory
Jul-16 14:03:29.400 [main] DEBUG nextflow.cache.CacheFactory - Using Nextflow cache factory: nextflow.cache.DefaultCacheFactory
Jul-16 14:03:29.407 [main] DEBUG nextflow.util.CustomThreadPool - Creating default thread pool > poolSize: 9; maxThreads: 1000
Jul-16 14:03:29.454 [main] DEBUG nextflow.Session - Session start
Jul-16 14:03:30.169 [main] DEBUG nextflow.script.ScriptRunner - > Launching execution
Jul-16 14:03:30.804 [main] INFO  nextflow.Nextflow - Skipping local sample directory scan. The CSV must include ID_Sample,suffix1,suffix2 columns.
Jul-16 14:03:30.851 [main] INFO  nextflow.Nextflow - Skipping local MD5 scan for object-storage inputdir: s3://raw/path/to/fastq
Jul-16 14:03:30.893 [main] DEBUG nextflow.script.ProcessConfig - Config settings `withName:fastqc` matches process Main:Analysis_PE:fastqc
Jul-16 14:03:30.900 [main] DEBUG nextflow.executor.ExecutorFactory - << taskConfig executor: slurm
Jul-16 14:03:30.900 [main] DEBUG nextflow.executor.ExecutorFactory - >> processorType: 'slurm'
Jul-16 14:03:30.906 [main] DEBUG nextflow.executor.Executor - [warm up] executor > slurm
Jul-16 14:03:30.910 [main] DEBUG n.processor.TaskPollingMonitor - Creating task monitor for executor 'slurm' > capacity: 20; pollInterval: 5s; dumpInterval: 5m 
Jul-16 14:03:30.913 [main] DEBUG n.processor.TaskPollingMonitor - >>> barrier register (monitor: slurm)
Jul-16 14:03:30.915 [main] DEBUG n.executor.AbstractGridExecutor - Creating executor 'slurm' > queue-stat-interval: 1m
Jul-16 14:03:30.967 [main] DEBUG nextflow.script.ProcessConfig - Config settings `withName:doSTAR` matches process Main:Analysis_PE:doSTAR
Jul-16 14:03:30.971 [main] DEBUG nextflow.executor.ExecutorFactory - << taskConfig executor: slurm
Jul-16 14:03:30.971 [main] DEBUG nextflow.executor.ExecutorFactory - >> processorType: 'slurm'
Jul-16 14:03:30.977 [main] DEBUG nextflow.script.ProcessConfig - Config settings `withName:KallistoPE` matches process Main:Analysis_PE:KallistoPE
Jul-16 14:03:30.979 [main] DEBUG nextflow.executor.ExecutorFactory - << taskConfig executor: slurm
Jul-16 14:03:30.979 [main] DEBUG nextflow.executor.ExecutorFactory - >> processorType: 'slurm'
Jul-16 14:03:30.985 [main] DEBUG nextflow.script.ProcessConfig - Config settings `withName:FCounts` matches process Main:Analysis_PE:FCounts
Jul-16 14:03:30.986 [main] DEBUG nextflow.executor.ExecutorFactory - << taskConfig executor: slurm
Jul-16 14:03:30.986 [main] DEBUG nextflow.executor.ExecutorFactory - >> processorType: 'slurm'
Jul-16 14:03:30.997 [main] DEBUG nextflow.script.ProcessConfig - Config settings `withName:multiqc` matches process Main:Analysis_PE:multiqc
Jul-16 14:03:30.998 [main] DEBUG nextflow.executor.ExecutorFactory - << taskConfig executor: slurm
Jul-16 14:03:30.998 [main] DEBUG nextflow.executor.ExecutorFactory - >> processorType: 'slurm'
Jul-16 14:03:31.001 [main] INFO  nextflow.Nextflow - Skipping local output scan for object-storage outputdir: s3://process/rnapipeline/manual
Jul-16 14:03:31.007 [main] DEBUG nextflow.script.ProcessConfig - Config settings `withName:Write_summary` matches process Main:Write_summary
Jul-16 14:03:31.008 [main] DEBUG nextflow.executor.ExecutorFactory - << taskConfig executor: slurm
Jul-16 14:03:31.008 [main] DEBUG nextflow.executor.ExecutorFactory - >> processorType: 'slurm'
Jul-16 14:03:31.011 [main] DEBUG nextflow.Session - Workflow process names [dsl2]: Vep, AddOrReplaceReadGroups, doOnlySTARnCount, Bedtools, Main:Analysis_PE:doSTAR, Main:Analysis_PE:KallistoPE, BedToIntervalList, Kallisto_single_end, Vep_gatk, ApplyBQSR, Mosdepth, Main:Analysis_PE:multiqc, Vep_mpileup, Check_process, KallistoPE, Check_samples, HaplotypeCaller, Verify_md5, MarkDuplicates, multiqc, buildref, Deepvariant, BaseRecalibrator, Main:Write_summary, SortingSam, gatk_vc, samtools_depth, Create_md5, Main:Analysis_PE:fastqc, Write_summary, SplitNCigar, FCounts, fastqc, bcftools_mpileup, Main:Analysis_PE:FCounts, doSTAR, samtools_index, Vep_deepvariant
Jul-16 14:03:31.014 [main] DEBUG nextflow.script.ScriptRunner - Parsed script files:
  Script_69a8160582f3309d: /Users/remy.nicolle/Workspace/DEV/RNApipeline/./modules/deepvariant.nf
  Script_0dbe3b02c607f3b5: /Users/remy.nicolle/Workspace/DEV/RNApipeline/./modules/mpileup.nf
  Script_9cddb7e8c417ccf6: /Users/remy.nicolle/Workspace/DEV/RNApipeline/./modules/check_prepost_pipeline.nf
  Script_9cd2b900effcd3be: /Users/remy.nicolle/Workspace/DEV/RNApipeline/./modules/index.nf
  Script_6f8cf216591a518e: /Users/remy.nicolle/Workspace/DEV/RNApipeline/./modules/rna_seq_pipe.nf
  Script_15a78c490a504ba8: /Users/remy.nicolle/Workspace/DEV/RNApipeline/./modules/kallisto.nf
  Script_bc8f3fac567c36fa: /Users/remy.nicolle/Workspace/DEV/RNApipeline/fullPairedEnd.nf
  Script_fd47e6ff3d45e2ea: /Users/remy.nicolle/Workspace/DEV/RNApipeline/./modules/variant_calling.nf
Jul-16 14:03:31.018 [main] DEBUG n.trace.WorkflowStatsObserver - Workflow completed > WorkflowStats[succeededCount=0; failedCount=0; ignoredCount=0; cachedCount=0; pendingCount=0; submittedCount=0; runningCount=0; retriesCount=0; abortedCount=0; succeedDuration=0ms; failedDuration=0ms; cachedDuration=0ms;loadCpus=0; loadMemory=0; peakRunning=0; peakCpus=0; peakMemory=0; ]
Jul-16 14:03:31.021 [main] DEBUG nextflow.cache.CacheDB - Closing CacheDB done
Jul-16 14:03:31.038 [main] DEBUG nextflow.util.ThreadPoolManager - Thread pool 'FileTransfer' shutdown completed (hard=false)
Jul-16 14:03:31.038 [main] DEBUG nextflow.script.ScriptRunner - > Execution complete -- Goodbye
